Release 14.7 - xst P.20131013 (nt64)
Copyright (c) 1995-2013 Xilinx, Inc.  All rights reserved.
--> Parameter TMPDIR set to xst/projnav.tmp


Total REAL time to Xst completion: 0.00 secs
Total CPU time to Xst completion: 0.08 secs
 
--> Parameter xsthdpdir set to xst


Total REAL time to Xst completion: 0.00 secs
Total CPU time to Xst completion: 0.08 secs
 
--> Reading design: Divider.prj

TABLE OF CONTENTS
  1) Synthesis Options Summary
  2) HDL Parsing
  3) HDL Elaboration
  4) HDL Synthesis
       4.1) HDL Synthesis Report
  5) Advanced HDL Synthesis
       5.1) Advanced HDL Synthesis Report
  6) Low Level Synthesis
  7) Partition Report
  8) Design Summary
       8.1) Primitive and Black Box Usage
       8.2) Device utilization summary
       8.3) Partition Resource Summary
       8.4) Timing Report
            8.4.1) Clock Information
            8.4.2) Asynchronous Control Signals Information
            8.4.3) Timing Summary
            8.4.4) Timing Details
            8.4.5) Cross Clock Domains Report


=========================================================================
*                      Synthesis Options Summary                        *
=========================================================================
---- Source Parameters
Input File Name                    : "Divider.prj"
Ignore Synthesis Constraint File   : NO

---- Target Parameters
Output File Name                   : "Divider"
Output Format                      : NGC
Target Device                      : xc6slx45t-4-fgg484

---- Source Options
Top Module Name                    : Divider
Automatic FSM Extraction           : YES
FSM Encoding Algorithm             : Auto
Safe Implementation                : No
FSM Style                          : LUT
RAM Extraction                     : Yes
RAM Style                          : Auto
ROM Extraction                     : Yes
Shift Register Extraction          : YES
ROM Style                          : Auto
Resource Sharing                   : YES
Asynchronous To Synchronous        : NO
Shift Register Minimum Size        : 2
Use DSP Block                      : Auto
Automatic Register Balancing       : No

---- Target Options
LUT Combining                      : Auto
Reduce Control Sets                : Auto
Add IO Buffers                     : YES
Global Maximum Fanout              : 100000
Add Generic Clock Buffer(BUFG)     : 16
Register Duplication               : YES
Optimize Instantiated Primitives   : NO
Use Clock Enable                   : Auto
Use Synchronous Set                : Auto
Use Synchronous Reset              : Auto
Pack IO Registers into IOBs        : Auto
Equivalent register Removal        : YES

---- General Options
Optimization Goal                  : Speed
Optimization Effort                : 1
Power Reduction                    : NO
Keep Hierarchy                     : No
Netlist Hierarchy                  : As_Optimized
RTL Output                         : Yes
Global Optimization                : AllClockNets
Read Cores                         : YES
Write Timing Constraints           : NO
Cross Clock Analysis               : NO
Hierarchy Separator                : /
Bus Delimiter                      : <>
Case Specifier                     : Maintain
Slice Utilization Ratio            : 100
BRAM Utilization Ratio             : 100
DSP48 Utilization Ratio            : 100
Auto BRAM Packing                  : NO
Slice Utilization Ratio Delta      : 5

=========================================================================


=========================================================================
*                          HDL Parsing                                  *
=========================================================================
Parsing VHDL file "E:\Code\FPGA\Divider\Divider.vhd" into library work
Parsing entity <Divider>.
Parsing architecture <Behavioral> of entity <divider>.

=========================================================================
*                            HDL Elaboration                            *
=========================================================================

Elaborating entity <Divider> (architecture <Behavioral>) from library <work>.
WARNING:HDLCompiler:92 - "E:\Code\FPGA\Divider\Divider.vhd" Line 24: temp should be on the sensitivity list of the process

=========================================================================
*                           HDL Synthesis                               *
=========================================================================

Synthesizing Unit <Divider>.
    Related source file is "E:\Code\FPGA\Divider\Divider.vhd".
    Found 1-bit register for signal <temp>.
    Found 32-bit register for signal <count>.
    Found 32-bit adder for signal <count[31]_GND_3_o_add_0_OUT> created at line 18.
    Found 32-bit comparator equal for signal <num[31]_count[31]_equal_2_o> created at line 19
    Summary:
	inferred   1 Adder/Subtractor(s).
	inferred  33 D-type flip-flop(s).
	inferred   1 Comparator(s).
Unit <Divider> synthesized.

=========================================================================
HDL Synthesis Report

Macro Statistics
# Adders/Subtractors                                   : 1
 32-bit adder                                          : 1
# Registers                                            : 2
 1-bit register                                        : 1
 32-bit register                                       : 1
# Comparators                                          : 1
 32-bit comparator equal                               : 1

=========================================================================

=========================================================================
*                       Advanced HDL Synthesis                          *
=========================================================================


Synthesizing (advanced) Unit <Divider>.
The following registers are absorbed into counter <count>: 1 register on signal <count>.
Unit <Divider> synthesized (advanced).

=========================================================================
Advanced HDL Synthesis Report

Macro Statistics
# Counters                                             : 1
 32-bit up counter                                     : 1
# Registers                                            : 1
 Flip-Flops                                            : 1
# Comparators                                          : 1
 32-bit comparator equal                               : 1

=========================================================================

=========================================================================
*                         Low Level Synthesis                           *
=========================================================================

Optimizing unit <Divider> ...

Mapping all equations...
Building and optimizing final netlist ...
Found area constraint ratio of 100 (+ 5) on block Divider, actual ratio is 0.

Final Macro Processing ...

=========================================================================
Final Register Report

Macro Statistics
# Registers                                            : 33
 Flip-Flops                                            : 33

=========================================================================

=========================================================================
*                           Partition Report                            *
=========================================================================

Partition Implementation Status
-------------------------------

  No Partitions were found in this design.

-------------------------------

=========================================================================
*                            Design Summary                             *
=========================================================================

Top Level Output File Name         : Divider.ngc

Primitive and Black Box Usage:
------------------------------
# BELS                             : 152
#      GND                         : 1
#      INV                         : 2
#      LUT1                        : 31
#      LUT2                        : 32
#      LUT4                        : 1
#      LUT6                        : 10
#      MUXCY                       : 42
#      VCC                         : 1
#      XORCY                       : 32
# FlipFlops/Latches                : 33
#      FD                          : 32
#      FDE                         : 1
# Clock Buffers                    : 1
#      BUFGP                       : 1
# IO Buffers                       : 33
#      IBUF                        : 32
#      OBUF                        : 1

Device utilization summary:
---------------------------

Selected Device : 6slx45tfgg484-4 


Slice Logic Utilization: 
 Number of Slice Registers:              33  out of  54576     0%  
 Number of Slice LUTs:                   76  out of  27288     0%  
    Number used as Logic:                76  out of  27288     0%  

Slice Logic Distribution: 
 Number of LUT Flip Flop pairs used:     76
   Number with an unused Flip Flop:      43  out of     76    56%  
   Number with an unused LUT:             0  out of     76     0%  
   Number of fully used LUT-FF pairs:    33  out of     76    43%  
   Number of unique control sets:         2

IO Utilization: 
 Number of IOs:                          34
 Number of bonded IOBs:                  34  out of    296    11%  

Specific Feature Utilization:
 Number of BUFG/BUFGCTRLs:                1  out of     16     6%  

---------------------------
Partition Resource Summary:
---------------------------

  No Partitions were found in this design.

---------------------------


=========================================================================
Timing Report

NOTE: THESE TIMING NUMBERS ARE ONLY A SYNTHESIS ESTIMATE.
      FOR ACCURATE TIMING INFORMATION PLEASE REFER TO THE TRACE REPORT
      GENERATED AFTER PLACE-and-ROUTE.

Clock Information:
------------------
-----------------------------------+------------------------+-------+
Clock Signal                       | Clock buffer(FF name)  | Load  |
-----------------------------------+------------------------+-------+
clk_in                             | BUFGP                  | 33    |
-----------------------------------+------------------------+-------+

Asynchronous Control Signals Information:
----------------------------------------
No asynchronous control signals found in this design

Timing Summary:
---------------
Speed Grade: -4

   Minimum period: 3.387ns (Maximum Frequency: 295.287MHz)
   Minimum input arrival time before clock: 4.265ns
   Maximum output required time after clock: 3.526ns
   Maximum combinational path delay: No path found

Timing Details:
---------------
All values displayed in nanoseconds (ns)

=========================================================================
Timing constraint: Default period analysis for Clock 'clk_in'
  Clock period: 3.387ns (frequency: 295.287MHz)
  Total number of paths / destination ports: 1585 / 34
-------------------------------------------------------------------------
Delay:               3.387ns (Levels of Logic = 12)
  Source:            count_2 (FF)
  Destination:       temp (FF)
  Source Clock:      clk_in rising
  Destination Clock: clk_in rising

  Data Path: count_2 to temp
                                Gate     Net
    Cell:in->out      fanout   Delay   Delay  Logical Name (Net Name)
    ----------------------------------------  ------------
     FD:C->Q               2   0.447   0.737  count_2 (count_2)
     LUT6:I3->O            1   0.205   0.000  Mcompar_num[31]_count[31]_equal_2_o_lut<0> (Mcompar_num[31]_count[31]_equal_2_o_lut<0>)
     MUXCY:S->O            1   0.172   0.000  Mcompar_num[31]_count[31]_equal_2_o_cy<0> (Mcompar_num[31]_count[31]_equal_2_o_cy<0>)
     MUXCY:CI->O           1   0.019   0.000  Mcompar_num[31]_count[31]_equal_2_o_cy<1> (Mcompar_num[31]_count[31]_equal_2_o_cy<1>)
     MUXCY:CI->O           1   0.019   0.000  Mcompar_num[31]_count[31]_equal_2_o_cy<2> (Mcompar_num[31]_count[31]_equal_2_o_cy<2>)
     MUXCY:CI->O           1   0.019   0.000  Mcompar_num[31]_count[31]_equal_2_o_cy<3> (Mcompar_num[31]_count[31]_equal_2_o_cy<3>)
     MUXCY:CI->O           1   0.019   0.000  Mcompar_num[31]_count[31]_equal_2_o_cy<4> (Mcompar_num[31]_count[31]_equal_2_o_cy<4>)
     MUXCY:CI->O           1   0.019   0.000  Mcompar_num[31]_count[31]_equal_2_o_cy<5> (Mcompar_num[31]_count[31]_equal_2_o_cy<5>)
     MUXCY:CI->O           1   0.019   0.000  Mcompar_num[31]_count[31]_equal_2_o_cy<6> (Mcompar_num[31]_count[31]_equal_2_o_cy<6>)
     MUXCY:CI->O           1   0.019   0.000  Mcompar_num[31]_count[31]_equal_2_o_cy<7> (Mcompar_num[31]_count[31]_equal_2_o_cy<7>)
     MUXCY:CI->O           1   0.019   0.000  Mcompar_num[31]_count[31]_equal_2_o_cy<8> (Mcompar_num[31]_count[31]_equal_2_o_cy<8>)
     MUXCY:CI->O           1   0.019   0.000  Mcompar_num[31]_count[31]_equal_2_o_cy<9> (Mcompar_num[31]_count[31]_equal_2_o_cy<9>)
     MUXCY:CI->O          33   0.258   1.075  Mcompar_num[31]_count[31]_equal_2_o_cy<10> (num[31]_count[31]_equal_2_o)
     FDE:CE                    0.322          temp
    ----------------------------------------
    Total                      3.387ns (1.575ns logic, 1.812ns route)
                                       (46.5% logic, 53.5% route)

=========================================================================
Timing constraint: Default OFFSET IN BEFORE for Clock 'clk_in'
  Total number of paths / destination ports: 1056 / 33
-------------------------------------------------------------------------
Offset:              4.265ns (Levels of Logic = 13)
  Source:            num<2> (PAD)
  Destination:       temp (FF)
  Destination Clock: clk_in rising

  Data Path: num<2> to temp
                                Gate     Net
    Cell:in->out      fanout   Delay   Delay  Logical Name (Net Name)
    ----------------------------------------  ------------
     IBUF:I->O             1   1.222   0.842  num_2_IBUF (num_2_IBUF)
     LUT6:I0->O            1   0.203   0.000  Mcompar_num[31]_count[31]_equal_2_o_lut<0> (Mcompar_num[31]_count[31]_equal_2_o_lut<0>)
     MUXCY:S->O            1   0.172   0.000  Mcompar_num[31]_count[31]_equal_2_o_cy<0> (Mcompar_num[31]_count[31]_equal_2_o_cy<0>)
     MUXCY:CI->O           1   0.019   0.000  Mcompar_num[31]_count[31]_equal_2_o_cy<1> (Mcompar_num[31]_count[31]_equal_2_o_cy<1>)
     MUXCY:CI->O           1   0.019   0.000  Mcompar_num[31]_count[31]_equal_2_o_cy<2> (Mcompar_num[31]_count[31]_equal_2_o_cy<2>)
     MUXCY:CI->O           1   0.019   0.000  Mcompar_num[31]_count[31]_equal_2_o_cy<3> (Mcompar_num[31]_count[31]_equal_2_o_cy<3>)
     MUXCY:CI->O           1   0.019   0.000  Mcompar_num[31]_count[31]_equal_2_o_cy<4> (Mcompar_num[31]_count[31]_equal_2_o_cy<4>)
     MUXCY:CI->O           1   0.019   0.000  Mcompar_num[31]_count[31]_equal_2_o_cy<5> (Mcompar_num[31]_count[31]_equal_2_o_cy<5>)
     MUXCY:CI->O           1   0.019   0.000  Mcompar_num[31]_count[31]_equal_2_o_cy<6> (Mcompar_num[31]_count[31]_equal_2_o_cy<6>)
     MUXCY:CI->O           1   0.019   0.000  Mcompar_num[31]_count[31]_equal_2_o_cy<7> (Mcompar_num[31]_count[31]_equal_2_o_cy<7>)
     MUXCY:CI->O           1   0.019   0.000  Mcompar_num[31]_count[31]_equal_2_o_cy<8> (Mcompar_num[31]_count[31]_equal_2_o_cy<8>)
     MUXCY:CI->O           1   0.019   0.000  Mcompar_num[31]_count[31]_equal_2_o_cy<9> (Mcompar_num[31]_count[31]_equal_2_o_cy<9>)
     MUXCY:CI->O          33   0.258   1.075  Mcompar_num[31]_count[31]_equal_2_o_cy<10> (num[31]_count[31]_equal_2_o)
     FDE:CE                    0.322          temp
    ----------------------------------------
    Total                      4.265ns (2.348ns logic, 1.917ns route)
                                       (55.1% logic, 44.9% route)

=========================================================================
Timing constraint: Default OFFSET OUT AFTER for Clock 'clk_in'
  Total number of paths / destination ports: 1 / 1
-------------------------------------------------------------------------
Offset:              3.526ns (Levels of Logic = 1)
  Source:            temp (FF)
  Destination:       clk_out (PAD)
  Source Clock:      clk_in rising

  Data Path: temp to clk_out
                                Gate     Net
    Cell:in->out      fanout   Delay   Delay  Logical Name (Net Name)
    ----------------------------------------  ------------
     FDE:C->Q              2   0.447   0.507  temp (temp)
     OBUF:I->O                 2.571          clk_out_OBUF (clk_out)
    ----------------------------------------
    Total                      3.526ns (3.018ns logic, 0.507ns route)
                                       (85.6% logic, 14.4% route)

=========================================================================

Cross Clock Domains Report:
--------------------------

Clock to Setup on destination clock clk_in
---------------+---------+---------+---------+---------+
               | Src:Rise| Src:Fall| Src:Rise| Src:Fall|
Source Clock   |Dest:Rise|Dest:Rise|Dest:Fall|Dest:Fall|
---------------+---------+---------+---------+---------+
clk_in         |    3.387|         |         |         |
---------------+---------+---------+---------+---------+

=========================================================================


Total REAL time to Xst completion: 5.00 secs
Total CPU time to Xst completion: 4.88 secs
 
--> 

Total memory usage is 291668 kilobytes

Number of errors   :    0 (   0 filtered)
Number of warnings :    1 (   0 filtered)
Number of infos    :    0 (   0 filtered)

